$ cd core && PYTHONPATH=. CORE_SECRETS_MASTER_KEY=AAECAwQFBgcICQoLDA0ODxAREhMUFRYXGBkaGxwdHh8= uv run python ../docs/revue/audit-2026-09-29/c08/probes/probe_7807.py
rc=0 3s
{"timestamp": "2026-09-30T08:09:54", "level": "INFO", "logger": "procrastinate.blueprints", "message": "Adding tasks from blueprint", "trace_id": null, "span_id": null}
{"timestamp": "2026-09-30T08:09:54", "level": "INFO", "logger": "procrastinate.periodic", "message": "Registering task app.alerts.jobs.sweep_alert_rules_task with periodic id '' to run periodically with cron */5 * * * *", "trace_id": null, "span_id": null}
{"timestamp": "2026-09-30T08:09:54", "level": "INFO", "logger": "procrastinate.periodic", "message": "Registering task app.appexport.jobs.sweep_appexport_jobs_task with periodic id '' to run periodically with cron */5 * * * *", "trace_id": null, "span_id": null}
{"timestamp": "2026-09-30T08:09:54", "level": "INFO", "logger": "procrastinate.periodic", "message": "Registering task app.ingestion.tasks.sweep_ingestion_jobs_task with periodic id '' to run periodically with cron */15 * * * *", "trace_id": null, "span_id": null}
{"timestamp": "2026-09-30T08:09:54", "level": "INFO", "logger": "procrastinate.periodic", "message": "Registering task app.harvest.jobs.run_harvest_sweep_task with periodic id '' to run periodically with cron */15 * * * *", "trace_id": null, "span_id": null}
{"timestamp": "2026-09-30T08:09:55", "level": "INFO", "logger": "procrastinate.periodic", "message": "Registering task app.pipelines.jobs.run_pipeline_sweep_task with periodic id '' to run periodically with cron */5 * * * *", "trace_id": null, "span_id": null}
{"timestamp": "2026-09-30T08:09:55", "level": "WARNING", "logger": "opentelemetry.instrumentation.instrumentor", "message": "Attempting to instrument while already instrumented", "trace_id": null, "span_id": null}
{"timestamp": "2026-09-30T08:09:55", "level": "INFO", "logger": "httpx", "message": "HTTP Request: GET http://testserver/v1/nope \"HTTP/1.1 404 Not Found\"", "trace_id": null, "span_id": null}
get /v1/nope 404 text/plain; charset=utf-8 Not Found
{"timestamp": "2026-09-30T08:09:55", "level": "INFO", "logger": "httpx", "message": "HTTP Request: DELETE http://testserver/health \"HTTP/1.1 404 Not Found\"", "trace_id": null, "span_id": null}
delete /health 404 text/plain; charset=utf-8 Not Found
{"timestamp": "2026-09-30T08:09:55", "level": "INFO", "logger": "httpx", "message": "HTTP Request: PUT http://testserver/v1/configs/by-item/x \"HTTP/1.1 422 Unprocessable Entity\"", "trace_id": null, "span_id": null}
put /v1/configs/by-item/x 422 application/json {"detail":[{"type":"literal_error","loc":["body","kind"],"msg":"Input should be 'app', 'dashboard', 'map', 'site', 'dataset', 'bookmark', 'pipeline', 
{"timestamp": "2026-09-30T08:09:55", "level": "INFO", "logger": "httpx", "message": "HTTP Request: POST http://testserver/v1/groups \"HTTP/1.1 422 Unprocessable Entity\"", "trace_id": null, "span_id": null}
post /v1/groups 422 application/json {"detail":[{"type":"missing","loc":["body","name"],"msg":"Field required","input":{}}]}

--stderr--
/home/lenen/projets/geostudio/core/.venv/lib/python3.14/site-packages/fastapi/testclient.py:1: StarletteDeprecationWarning: Using `httpx` with `starlette.testclient` is deprecated; install `httpx2` instead.
  from starlette.testclient import TestClient as TestClient  # noqa
