docker-compose.yml
   postgis healthcheck
   pgbouncer healthcheck
   minio healthcheck
   martin healthcheck
   titiler healthcheck
   core healthcheck
   worker healthcheck
   appexport-runtime-builder NONE
   export-worker healthcheck
   cdc-worker healthcheck
   otel-lgtm NONE
   postgres-exporter NONE
   csp-dynamic-conf-init NONE
   keycloak healthcheck
   shell healthcheck
   traefik NONE
docker-compose.prod.yml
   postgis NONE
   pgbouncer NONE
   minio NONE
   martin NONE
   titiler NONE
   keycloak healthcheck
   otel-lgtm NONE
   core NONE
   worker NONE
   cdc-worker NONE
   export-worker NONE
   appexport-runtime-builder NONE
   shell NONE
   traefik NONE
   tunnel NONE
   backup NONE
