
Running 7 tests using 1 worker

  ✘  1 e2e/journeys/v01/j02/reader-api.spec.ts:103:3 › j02 lecteur — API : visibilité et droits › j02-001 : un scope inconnu ne doit pas exposer les items privés d'autrui (2.1s)
  ✘  2 e2e/journeys/v01/j02/reader-data.spec.ts:60:3 › j02 lecteur — recherche, pièces jointes, écriture de données › j02-002 : le propriétaire peut obtenir une URL présignée de pièce jointe (1.7s)
  ✘  3 e2e/journeys/v01/j02/reader-data.spec.ts:81:3 › j02 lecteur — recherche, pièces jointes, écriture de données › j02-003 : une collection créée vide accepte une première entité via OGC API (1.5s)
  ✘  4 e2e/journeys/v01/j02/reader-ui.spec.ts:108:3 › j02 lecteur — catalogue, fiches, éditeurs › j02-008 : « Ouvrir » sur une app mène un lecteur à la vue d'usage, pas au builder (8.0s)
  ✘  5 e2e/journeys/v01/j02/reader-ui.spec.ts:133:3 › j02 lecteur — catalogue, fiches, éditeurs › j02-009 : le canevas de la carte tient dans la fenêtre (6.8s)
  ✘  6 e2e/journeys/v01/j02/reader-ui.spec.ts:146:3 › j02 lecteur — liens directs, runtime, bookmarks › j02-004 : un lien direct vers une fiche survit à la reconnexion OIDC (18.8s)
  ✘  7 e2e/journeys/v01/j02/reader-ui.spec.ts:157:3 › j02 lecteur — liens directs, runtime, bookmarks › j02-010 : recharger (ou ouvrir sans session) une app en mode usage affiche l'app ou la connexion, pas « Accès refusé » (21.9s)


  1) e2e/journeys/v01/j02/reader-api.spec.ts:103:3 › j02 lecteur — API : visibilité et droits › j02-001 : un scope inconnu ne doit pas exposer les items privés d'autrui 

    Error: scope=bogus

    expect(received).not.toContain(expected) // indexOf

    Expected value: not "aud-j02-munoytju-carte-privee"
    Received array:     ["aud-j02-munoytju-signet-app-privee", "aud-j02-munoytju-signet", "aud-j02-munoytju-Forêt de Tulle", "aud-j02-munoytju-app-auto", "aud-j02-munoytju-app-publique", "aud-j02-munoytju-app-privee", "aud-j02-munoytju-app", "aud-j02-munoytju-carte-privee", "aud-j02-munoytju-carte", "aud-j02-munoytju-ds-prive", "aud-j02-munoytju-ds", "SP-34 toolbar check", "SP-34 visual check", "SP-34 toolbar check", "SP-34 visual check", "SP-34 toolbar check", "SP-34 visual check", "SP-34 toolbar check", "SP-34 visual check", "zoom test 2", "zoom test", "SP-34 toolbar check", "SP-34 visual check", "SP-34 visual check", "SP-34 visual check", "SP-34 visual check", "SP-34 visual check", "SP-34 visual check", "SP-34 visual check", "SP-34 visual check", "SP-34 visual check", "SP-34 visual check", "SP-34 visual check", "SP-34 visual check", "SP-34 visual check", "SP-34 visual check", "SP-34 visual check", "SP-34 visual check", "SP-34 visual check", "SP-34 visual check", "SP-34 visual check"]

      106 |       const page = await s.reader.get(`/v1/items?scope=${scope}&pageSize=200`);
      107 |       const titles: string[] = page.body.items.map((i: { title: string }) => i.title);
    > 108 |       expect(titles, `scope=${scope}`).not.toContain(`${s.tag}-carte-privee`);
          |                                            ^
      109 |     }
      110 |     const facets = await s.reader.get("/v1/items/facets?scope=bogus");
      111 |     const all = await s.reader.get("/v1/items/facets");
        at /home/lenen/projets/geostudio/shell/e2e/journeys/v01/j02/reader-api.spec.ts:108:44

    Error Context: test-results/v01-j02-reader-api-j02-lec-06ec2-r-les-items-privés-d-autrui/error-context.md

    attachment #2: trace (application/zip) ─────────────────────────────────────────────────────────
    test-results/v01-j02-reader-api-j02-lec-06ec2-r-les-items-privés-d-autrui/trace.zip
    Usage:

        npx playwright show-trace test-results/v01-j02-reader-api-j02-lec-06ec2-r-les-items-privés-d-autrui/trace.zip

    ────────────────────────────────────────────────────────────────────────────────────────────────

  2) e2e/journeys/v01/j02/reader-data.spec.ts:60:3 › j02 lecteur — recherche, pièces jointes, écriture de données › j02-002 : le propriétaire peut obtenir une URL présignée de pièce jointe 

    Error: expect(received).toBe(expected) // Object.is equality

    Expected: 200
    Received: 500

      69 |       },
      70 |     );
    > 71 |     expect(presign.status).toBe(200);
         |                            ^
      72 |     expect(presign.body.uploadUrl).toBeTruthy();
      73 |     const up = await s.creator.send("POST", "/v1/uploads/presign", {
      74 |       filename: "aud.geojson",
        at /home/lenen/projets/geostudio/shell/e2e/journeys/v01/j02/reader-data.spec.ts:71:28

    Error Context: test-results/v01-j02-reader-data-j02-le-613d9-L-présignée-de-pièce-jointe/error-context.md

    attachment #2: trace (application/zip) ─────────────────────────────────────────────────────────
    test-results/v01-j02-reader-data-j02-le-613d9-L-présignée-de-pièce-jointe/trace.zip
    Usage:

        npx playwright show-trace test-results/v01-j02-reader-data-j02-le-613d9-L-présignée-de-pièce-jointe/trace.zip

    ────────────────────────────────────────────────────────────────────────────────────────────────

  3) e2e/journeys/v01/j02/reader-data.spec.ts:81:3 › j02 lecteur — recherche, pièces jointes, écriture de données › j02-003 : une collection créée vide accepte une première entité via OGC API 

    Error: expect(received).toBe(expected) // Object.is equality

    Expected: 201
    Received: 400

      93 |       properties: { nom: "Alpha" },
      94 |     });
    > 95 |     expect(feat.status).toBe(201);
         |                         ^
      96 |   });
      97 | });
      98 |
        at /home/lenen/projets/geostudio/shell/e2e/journeys/v01/j02/reader-data.spec.ts:95:25

    Error Context: test-results/v01-j02-reader-data-j02-le-e8de3-première-entité-via-OGC-API/error-context.md

    attachment #2: trace (application/zip) ─────────────────────────────────────────────────────────
    test-results/v01-j02-reader-data-j02-le-e8de3-première-entité-via-OGC-API/trace.zip
    Usage:

        npx playwright show-trace test-results/v01-j02-reader-data-j02-le-e8de3-première-entité-via-OGC-API/trace.zip

    ────────────────────────────────────────────────────────────────────────────────────────────────

  4) e2e/journeys/v01/j02/reader-ui.spec.ts:108:3 › j02 lecteur — catalogue, fiches, éditeurs › j02-008 : « Ouvrir » sur une app mène un lecteur à la vue d'usage, pas au builder 

    Error: expect(received).not.toMatch(expected)

    Expected pattern: not /\/edit(\?|$)/
    Received string:      "http://localhost:8300/apps/b9362dcabda14bd1a8017834ab33e535/edit"

      114 |     await openCard(page, `${s.tag}-app-auto`);
      115 |     await page.waitForTimeout(2500);
    > 116 |     expect(page.url()).not.toMatch(/\/edit(\?|$)/);
          |                            ^
      117 |   });
      118 |
      119 |   test("éditeur de carte en lecture seule : Enregistrer est désactivé et expliqué", async ({
        at /home/lenen/projets/geostudio/shell/e2e/journeys/v01/j02/reader-ui.spec.ts:116:28

    attachment #1: screenshot (image/png) ──────────────────────────────────────────────────────────
    test-results/v01-j02-reader-ui-j02-lect-54a78--vue-d-usage-pas-au-builder/test-failed-1.png
    ────────────────────────────────────────────────────────────────────────────────────────────────

    Error Context: test-results/v01-j02-reader-ui-j02-lect-54a78--vue-d-usage-pas-au-builder/error-context.md

    attachment #3: trace (application/zip) ─────────────────────────────────────────────────────────
    test-results/v01-j02-reader-ui-j02-lect-54a78--vue-d-usage-pas-au-builder/trace.zip
    Usage:

        npx playwright show-trace test-results/v01-j02-reader-ui-j02-lect-54a78--vue-d-usage-pas-au-builder/trace.zip

    ────────────────────────────────────────────────────────────────────────────────────────────────

  5) e2e/journeys/v01/j02/reader-ui.spec.ts:133:3 › j02 lecteur — catalogue, fiches, éditeurs › j02-009 : le canevas de la carte tient dans la fenêtre 

    Error: expect(received).toBeLessThanOrEqual(expected)

    Expected: <= 720
    Received:    1716

      138 |     const box = await page.locator("canvas.maplibregl-canvas").first().boundingBox();
      139 |     expect(box).not.toBeNull();
    > 140 |     expect(box!.height).toBeLessThanOrEqual(720);
          |                         ^
      141 |   });
      142 | });
      143 |
        at /home/lenen/projets/geostudio/shell/e2e/journeys/v01/j02/reader-ui.spec.ts:140:25

    attachment #1: screenshot (image/png) ──────────────────────────────────────────────────────────
    test-results/v01-j02-reader-ui-j02-lect-f7e6f-carte-tient-dans-la-fenêtre/test-failed-1.png
    ────────────────────────────────────────────────────────────────────────────────────────────────

    Error Context: test-results/v01-j02-reader-ui-j02-lect-f7e6f-carte-tient-dans-la-fenêtre/error-context.md

    attachment #3: trace (application/zip) ─────────────────────────────────────────────────────────
    test-results/v01-j02-reader-ui-j02-lect-f7e6f-carte-tient-dans-la-fenêtre/trace.zip
    Usage:

        npx playwright show-trace test-results/v01-j02-reader-ui-j02-lect-f7e6f-carte-tient-dans-la-fenêtre/trace.zip

    ────────────────────────────────────────────────────────────────────────────────────────────────

  6) e2e/journeys/v01/j02/reader-ui.spec.ts:146:3 › j02 lecteur — liens directs, runtime, bookmarks › j02-004 : un lien direct vers une fiche survit à la reconnexion OIDC 

    Error: expect(page).toHaveURL(expected) failed

    Expected pattern: /\/items\/6d8252da53dc483e8f8188db9854e34e/
    Received string:  "http://localhost:8300/?state=d769eef72adc426da5528fe038a019d5&session_state=053e8e53-53a7-493c-a40c-d5dfbd1fe019&iss=http%3A%2F%2Flocalhost%3A8180%2Frealms%2Fgeostudio&code=619f3c29-fbd9-4f09-81fc-bdd5fbef7140.053e8e53-53a7-493c-a40c-d5dfbd1fe019.f4680c49-56bd-45b5-a163-49a6edc31509"
    Timeout: 15000ms

    Call log:
      - Expect "toHaveURL" with timeout 15000ms
        - waiting for navigation to finish...
        - navigated to "http://localhost:8300/?state=d769eef72adc426da5528fe038a019d5&session_state=053e8e53-53a7-493c-a40c-d5dfbd1fe019&iss=http%3A%2F%2Flocalhost%3A8180%2Frealms%2Fgeostudio&code=619f3c29-fbd9-4f09-81fc-bd…"
        33 × locator resolved to <html lang="fr">…</html>
           - unexpected value "http://localhost:8300/?state=d769eef72adc426da5528fe038a019d5&session_state=053e8e53-53a7-493c-a40c-d5dfbd1fe019&iss=http%3A%2F%2Flocalhost%3A8180%2Frealms%2Fgeostudio&code=619f3c29-fbd9-4f09-81fc-bdd5fbef7140.053e8e53-53a7-493c-a40c-d5dfbd1fe019.f4680c49-56bd-45b5-a163-49a6edc31509"


      150 |     await asReader(page);
      151 |     await page.goto(`/items/${s.sharedMap}`);
    > 152 |     await expect(page).toHaveURL(new RegExp(`/items/${s.sharedMap}`), { timeout: 15_000 });
          |                        ^
      153 |     await expect(page.getByRole("heading", { name: `${s.tag}-carte` })).toBeVisible();
      154 |   });
      155 |
        at /home/lenen/projets/geostudio/shell/e2e/journeys/v01/j02/reader-ui.spec.ts:152:24

    attachment #1: screenshot (image/png) ──────────────────────────────────────────────────────────
    test-results/v01-j02-reader-ui-j02-lect-02a16-urvit-à-la-reconnexion-OIDC/test-failed-1.png
    ────────────────────────────────────────────────────────────────────────────────────────────────

    Error Context: test-results/v01-j02-reader-ui-j02-lect-02a16-urvit-à-la-reconnexion-OIDC/error-context.md

    attachment #3: trace (application/zip) ─────────────────────────────────────────────────────────
    test-results/v01-j02-reader-ui-j02-lect-02a16-urvit-à-la-reconnexion-OIDC/trace.zip
    Usage:

        npx playwright show-trace test-results/v01-j02-reader-ui-j02-lect-02a16-urvit-à-la-reconnexion-OIDC/trace.zip

    ────────────────────────────────────────────────────────────────────────────────────────────────

  7) e2e/journeys/v01/j02/reader-ui.spec.ts:157:3 › j02 lecteur — liens directs, runtime, bookmarks › j02-010 : recharger (ou ouvrir sans session) une app en mode usage affiche l'app ou la connexion, pas « Accès refusé » 

    Error: expect(locator).toBeVisible() failed

    Locator: getByText('Bonjour lecteur')
    Expected: visible
    Timeout: 15000ms
    Error: element(s) not found

    Call log:
      - Expect "toBeVisible" with timeout 15000ms
      - waiting for getByText('Bonjour lecteur')


      164 |     await expect(page.getByText("Bonjour lecteur")).toBeVisible();
      165 |     await page.reload();
    > 166 |     await expect(page.getByText("Bonjour lecteur")).toBeVisible({ timeout: 15_000 });
          |                                                     ^
      167 |     // 2e volet : sans aucune session, le lien ne renvoie pas vers la connexion.
      168 |     const ctx = await browser.newContext({ baseURL: SHELL_URL });
      169 |     const cold = await ctx.newPage();
        at /home/lenen/projets/geostudio/shell/e2e/journeys/v01/j02/reader-ui.spec.ts:166:53

    attachment #1: screenshot (image/png) ──────────────────────────────────────────────────────────
    test-results/v01-j02-reader-ui-j02-lect-c4d41-nexion-pas-«-Accès-refusé-»/test-failed-1.png
    ────────────────────────────────────────────────────────────────────────────────────────────────

    Error Context: test-results/v01-j02-reader-ui-j02-lect-c4d41-nexion-pas-«-Accès-refusé-»/error-context.md

    attachment #3: trace (application/zip) ─────────────────────────────────────────────────────────
    test-results/v01-j02-reader-ui-j02-lect-c4d41-nexion-pas-«-Accès-refusé-»/trace.zip
    Usage:

        npx playwright show-trace test-results/v01-j02-reader-ui-j02-lect-c4d41-nexion-pas-«-Accès-refusé-»/trace.zip

    ────────────────────────────────────────────────────────────────────────────────────────────────

  7 failed
    e2e/journeys/v01/j02/reader-api.spec.ts:103:3 › j02 lecteur — API : visibilité et droits › j02-001 : un scope inconnu ne doit pas exposer les items privés d'autrui 
    e2e/journeys/v01/j02/reader-data.spec.ts:60:3 › j02 lecteur — recherche, pièces jointes, écriture de données › j02-002 : le propriétaire peut obtenir une URL présignée de pièce jointe 
    e2e/journeys/v01/j02/reader-data.spec.ts:81:3 › j02 lecteur — recherche, pièces jointes, écriture de données › j02-003 : une collection créée vide accepte une première entité via OGC API 
    e2e/journeys/v01/j02/reader-ui.spec.ts:108:3 › j02 lecteur — catalogue, fiches, éditeurs › j02-008 : « Ouvrir » sur une app mène un lecteur à la vue d'usage, pas au builder 
    e2e/journeys/v01/j02/reader-ui.spec.ts:133:3 › j02 lecteur — catalogue, fiches, éditeurs › j02-009 : le canevas de la carte tient dans la fenêtre 
    e2e/journeys/v01/j02/reader-ui.spec.ts:146:3 › j02 lecteur — liens directs, runtime, bookmarks › j02-004 : un lien direct vers une fiche survit à la reconnexion OIDC 
    e2e/journeys/v01/j02/reader-ui.spec.ts:157:3 › j02 lecteur — liens directs, runtime, bookmarks › j02-010 : recharger (ou ouvrir sans session) une app en mode usage affiche l'app ou la connexion, pas « Accès refusé » 
